ARM GAS  C:\Users\31005\AppData\Local\Temp\ccxWCm29.s 			page 1


   1              		.cpu cortex-m4
   2              		.arch armv7e-m
   3              		.fpu fpv4-sp-d16
   4              		.eabi_attribute 27, 1
   5              		.eabi_attribute 28, 1
   6              		.eabi_attribute 20, 1
   7              		.eabi_attribute 21, 1
   8              		.eabi_attribute 23, 3
   9              		.eabi_attribute 24, 1
  10              		.eabi_attribute 25, 1
  11              		.eabi_attribute 26, 1
  12              		.eabi_attribute 30, 1
  13              		.eabi_attribute 34, 1
  14              		.eabi_attribute 18, 4
  15              		.file	"adc.c"
  16              		.text
  17              	.Ltext0:
  18              		.cfi_sections	.debug_frame
  19              		.file 1 "Core/Src/adc.c"
  20              		.section	.text.MX_ADC1_Init,"ax",%progbits
  21              		.align	1
  22              		.global	MX_ADC1_Init
  23              		.syntax unified
  24              		.thumb
  25              		.thumb_func
  27              	MX_ADC1_Init:
  28              	.LFB123:
   1:Core/Src/adc.c **** /* USER CODE BEGIN Header */
   2:Core/Src/adc.c **** /**
   3:Core/Src/adc.c ****   ******************************************************************************
   4:Core/Src/adc.c ****   * @file    adc.c
   5:Core/Src/adc.c ****   * @brief   This file provides code for the configuration
   6:Core/Src/adc.c ****   *          of the ADC instances.
   7:Core/Src/adc.c ****   ******************************************************************************
   8:Core/Src/adc.c ****   * @attention
   9:Core/Src/adc.c ****   *
  10:Core/Src/adc.c ****   * Copyright (c) 2025 STMicroelectronics.
  11:Core/Src/adc.c ****   * All rights reserved.
  12:Core/Src/adc.c ****   *
  13:Core/Src/adc.c ****   * This software is licensed under terms that can be found in the LICENSE file
  14:Core/Src/adc.c ****   * in the root directory of this software component.
  15:Core/Src/adc.c ****   * If no LICENSE file comes with this software, it is provided AS-IS.
  16:Core/Src/adc.c ****   *
  17:Core/Src/adc.c ****   ******************************************************************************
  18:Core/Src/adc.c ****   */
  19:Core/Src/adc.c **** /* USER CODE END Header */
  20:Core/Src/adc.c **** /* Includes ------------------------------------------------------------------*/
  21:Core/Src/adc.c **** #include "adc.h"
  22:Core/Src/adc.c **** 
  23:Core/Src/adc.c **** /* USER CODE BEGIN 0 */
  24:Core/Src/adc.c **** 
  25:Core/Src/adc.c **** /* USER CODE END 0 */
  26:Core/Src/adc.c **** 
  27:Core/Src/adc.c **** ADC_HandleTypeDef hadc1;
  28:Core/Src/adc.c **** DMA_HandleTypeDef hdma_adc1;
  29:Core/Src/adc.c **** 
  30:Core/Src/adc.c **** /* ADC1 init function */
ARM GAS  C:\Users\31005\AppData\Local\Temp\ccxWCm29.s 			page 2


  31:Core/Src/adc.c **** void MX_ADC1_Init(void)
  32:Core/Src/adc.c **** {
  29              		.loc 1 32 1 view -0
  30              		.cfi_startproc
  31              		@ args = 0, pretend = 0, frame = 40
  32              		@ frame_needed = 0, uses_anonymous_args = 0
  33 0000 00B5     		push	{lr}
  34              	.LCFI0:
  35              		.cfi_def_cfa_offset 4
  36              		.cfi_offset 14, -4
  37 0002 8BB0     		sub	sp, sp, #44
  38              	.LCFI1:
  39              		.cfi_def_cfa_offset 48
  33:Core/Src/adc.c **** 
  34:Core/Src/adc.c ****   /* USER CODE BEGIN ADC1_Init 0 */
  35:Core/Src/adc.c **** 
  36:Core/Src/adc.c ****   /* USER CODE END ADC1_Init 0 */
  37:Core/Src/adc.c **** 
  38:Core/Src/adc.c ****   ADC_MultiModeTypeDef multimode = {0};
  40              		.loc 1 38 3 view .LVU1
  41              		.loc 1 38 24 is_stmt 0 view .LVU2
  42 0004 0023     		movs	r3, #0
  43 0006 0793     		str	r3, [sp, #28]
  44 0008 0893     		str	r3, [sp, #32]
  45 000a 0993     		str	r3, [sp, #36]
  39:Core/Src/adc.c ****   ADC_ChannelConfTypeDef sConfig = {0};
  46              		.loc 1 39 3 is_stmt 1 view .LVU3
  47              		.loc 1 39 26 is_stmt 0 view .LVU4
  48 000c 0193     		str	r3, [sp, #4]
  49 000e 0293     		str	r3, [sp, #8]
  50 0010 0393     		str	r3, [sp, #12]
  51 0012 0493     		str	r3, [sp, #16]
  52 0014 0593     		str	r3, [sp, #20]
  53 0016 0693     		str	r3, [sp, #24]
  40:Core/Src/adc.c **** 
  41:Core/Src/adc.c ****   /* USER CODE BEGIN ADC1_Init 1 */
  42:Core/Src/adc.c **** 
  43:Core/Src/adc.c ****   /* USER CODE END ADC1_Init 1 */
  44:Core/Src/adc.c **** 
  45:Core/Src/adc.c ****   /** Common config
  46:Core/Src/adc.c ****   */
  47:Core/Src/adc.c ****   hadc1.Instance = ADC1;
  54              		.loc 1 47 3 is_stmt 1 view .LVU5
  55              		.loc 1 47 18 is_stmt 0 view .LVU6
  56 0018 2348     		ldr	r0, .L11
  57 001a 4FF0A042 		mov	r2, #1342177280
  58 001e 0260     		str	r2, [r0]
  48:Core/Src/adc.c ****   hadc1.Init.ClockPrescaler = ADC_CLOCK_ASYNC_DIV1;
  59              		.loc 1 48 3 is_stmt 1 view .LVU7
  60              		.loc 1 48 29 is_stmt 0 view .LVU8
  61 0020 4360     		str	r3, [r0, #4]
  49:Core/Src/adc.c ****   hadc1.Init.Resolution = ADC_RESOLUTION_12B;
  62              		.loc 1 49 3 is_stmt 1 view .LVU9
  63              		.loc 1 49 25 is_stmt 0 view .LVU10
  64 0022 8360     		str	r3, [r0, #8]
  50:Core/Src/adc.c ****   hadc1.Init.ScanConvMode = ADC_SCAN_ENABLE;
  65              		.loc 1 50 3 is_stmt 1 view .LVU11
ARM GAS  C:\Users\31005\AppData\Local\Temp\ccxWCm29.s 			page 3


  66              		.loc 1 50 27 is_stmt 0 view .LVU12
  67 0024 0122     		movs	r2, #1
  68 0026 0261     		str	r2, [r0, #16]
  51:Core/Src/adc.c ****   hadc1.Init.ContinuousConvMode = ENABLE;
  69              		.loc 1 51 3 is_stmt 1 view .LVU13
  70              		.loc 1 51 33 is_stmt 0 view .LVU14
  71 0028 4276     		strb	r2, [r0, #25]
  52:Core/Src/adc.c ****   hadc1.Init.DiscontinuousConvMode = DISABLE;
  72              		.loc 1 52 3 is_stmt 1 view .LVU15
  73              		.loc 1 52 36 is_stmt 0 view .LVU16
  74 002a 80F82030 		strb	r3, [r0, #32]
  53:Core/Src/adc.c ****   hadc1.Init.ExternalTrigConvEdge = ADC_EXTERNALTRIGCONVEDGE_NONE;
  75              		.loc 1 53 3 is_stmt 1 view .LVU17
  76              		.loc 1 53 35 is_stmt 0 view .LVU18
  77 002e C362     		str	r3, [r0, #44]
  54:Core/Src/adc.c ****   hadc1.Init.ExternalTrigConv = ADC_SOFTWARE_START;
  78              		.loc 1 54 3 is_stmt 1 view .LVU19
  79              		.loc 1 54 31 is_stmt 0 view .LVU20
  80 0030 8262     		str	r2, [r0, #40]
  55:Core/Src/adc.c ****   hadc1.Init.DataAlign = ADC_DATAALIGN_RIGHT;
  81              		.loc 1 55 3 is_stmt 1 view .LVU21
  82              		.loc 1 55 24 is_stmt 0 view .LVU22
  83 0032 C360     		str	r3, [r0, #12]
  56:Core/Src/adc.c ****   hadc1.Init.NbrOfConversion = 2;
  84              		.loc 1 56 3 is_stmt 1 view .LVU23
  85              		.loc 1 56 30 is_stmt 0 view .LVU24
  86 0034 0221     		movs	r1, #2
  87 0036 C161     		str	r1, [r0, #28]
  57:Core/Src/adc.c ****   hadc1.Init.DMAContinuousRequests = ENABLE;
  88              		.loc 1 57 3 is_stmt 1 view .LVU25
  89              		.loc 1 57 36 is_stmt 0 view .LVU26
  90 0038 80F83020 		strb	r2, [r0, #48]
  58:Core/Src/adc.c ****   hadc1.Init.EOCSelection = ADC_EOC_SINGLE_CONV;
  91              		.loc 1 58 3 is_stmt 1 view .LVU27
  92              		.loc 1 58 27 is_stmt 0 view .LVU28
  93 003c 0422     		movs	r2, #4
  94 003e 4261     		str	r2, [r0, #20]
  59:Core/Src/adc.c ****   hadc1.Init.LowPowerAutoWait = DISABLE;
  95              		.loc 1 59 3 is_stmt 1 view .LVU29
  96              		.loc 1 59 31 is_stmt 0 view .LVU30
  97 0040 0376     		strb	r3, [r0, #24]
  60:Core/Src/adc.c ****   hadc1.Init.Overrun = ADC_OVR_DATA_OVERWRITTEN;
  98              		.loc 1 60 3 is_stmt 1 view .LVU31
  99              		.loc 1 60 22 is_stmt 0 view .LVU32
 100 0042 4363     		str	r3, [r0, #52]
  61:Core/Src/adc.c ****   if (HAL_ADC_Init(&hadc1) != HAL_OK)
 101              		.loc 1 61 3 is_stmt 1 view .LVU33
 102              		.loc 1 61 7 is_stmt 0 view .LVU34
 103 0044 FFF7FEFF 		bl	HAL_ADC_Init
 104              	.LVL0:
 105              		.loc 1 61 6 view .LVU35
 106 0048 08BB     		cbnz	r0, .L7
 107              	.L2:
  62:Core/Src/adc.c ****   {
  63:Core/Src/adc.c ****     Error_Handler();
  64:Core/Src/adc.c ****   }
  65:Core/Src/adc.c **** 
ARM GAS  C:\Users\31005\AppData\Local\Temp\ccxWCm29.s 			page 4


  66:Core/Src/adc.c ****   /** Configure the ADC multi-mode
  67:Core/Src/adc.c ****   */
  68:Core/Src/adc.c ****   multimode.Mode = ADC_MODE_INDEPENDENT;
 108              		.loc 1 68 3 is_stmt 1 view .LVU36
 109              		.loc 1 68 18 is_stmt 0 view .LVU37
 110 004a 0023     		movs	r3, #0
 111 004c 0793     		str	r3, [sp, #28]
  69:Core/Src/adc.c ****   if (HAL_ADCEx_MultiModeConfigChannel(&hadc1, &multimode) != HAL_OK)
 112              		.loc 1 69 3 is_stmt 1 view .LVU38
 113              		.loc 1 69 7 is_stmt 0 view .LVU39
 114 004e 07A9     		add	r1, sp, #28
 115 0050 1548     		ldr	r0, .L11
 116 0052 FFF7FEFF 		bl	HAL_ADCEx_MultiModeConfigChannel
 117              	.LVL1:
 118              		.loc 1 69 6 view .LVU40
 119 0056 E8B9     		cbnz	r0, .L8
 120              	.L3:
  70:Core/Src/adc.c ****   {
  71:Core/Src/adc.c ****     Error_Handler();
  72:Core/Src/adc.c ****   }
  73:Core/Src/adc.c **** 
  74:Core/Src/adc.c ****   /** Configure Regular Channel
  75:Core/Src/adc.c ****   */
  76:Core/Src/adc.c ****   sConfig.Channel = ADC_CHANNEL_2;
 121              		.loc 1 76 3 is_stmt 1 view .LVU41
 122              		.loc 1 76 19 is_stmt 0 view .LVU42
 123 0058 0223     		movs	r3, #2
 124 005a 0193     		str	r3, [sp, #4]
  77:Core/Src/adc.c ****   sConfig.Rank = ADC_REGULAR_RANK_1;
 125              		.loc 1 77 3 is_stmt 1 view .LVU43
 126              		.loc 1 77 16 is_stmt 0 view .LVU44
 127 005c 0123     		movs	r3, #1
 128 005e 0293     		str	r3, [sp, #8]
  78:Core/Src/adc.c ****   sConfig.SingleDiff = ADC_SINGLE_ENDED;
 129              		.loc 1 78 3 is_stmt 1 view .LVU45
 130              		.loc 1 78 22 is_stmt 0 view .LVU46
 131 0060 0023     		movs	r3, #0
 132 0062 0493     		str	r3, [sp, #16]
  79:Core/Src/adc.c ****   sConfig.SamplingTime = ADC_SAMPLETIME_61CYCLES_5;
 133              		.loc 1 79 3 is_stmt 1 view .LVU47
 134              		.loc 1 79 24 is_stmt 0 view .LVU48
 135 0064 0522     		movs	r2, #5
 136 0066 0392     		str	r2, [sp, #12]
  80:Core/Src/adc.c ****   sConfig.OffsetNumber = ADC_OFFSET_NONE;
 137              		.loc 1 80 3 is_stmt 1 view .LVU49
 138              		.loc 1 80 24 is_stmt 0 view .LVU50
 139 0068 0593     		str	r3, [sp, #20]
  81:Core/Src/adc.c ****   sConfig.Offset = 0;
 140              		.loc 1 81 3 is_stmt 1 view .LVU51
 141              		.loc 1 81 18 is_stmt 0 view .LVU52
 142 006a 0693     		str	r3, [sp, #24]
  82:Core/Src/adc.c ****   if (HAL_ADC_ConfigChannel(&hadc1, &sConfig) != HAL_OK)
 143              		.loc 1 82 3 is_stmt 1 view .LVU53
 144              		.loc 1 82 7 is_stmt 0 view .LVU54
 145 006c 01A9     		add	r1, sp, #4
 146 006e 0E48     		ldr	r0, .L11
 147 0070 FFF7FEFF 		bl	HAL_ADC_ConfigChannel
ARM GAS  C:\Users\31005\AppData\Local\Temp\ccxWCm29.s 			page 5


 148              	.LVL2:
 149              		.loc 1 82 6 view .LVU55
 150 0074 88B9     		cbnz	r0, .L9
 151              	.L4:
  83:Core/Src/adc.c ****   {
  84:Core/Src/adc.c ****     Error_Handler();
  85:Core/Src/adc.c ****   }
  86:Core/Src/adc.c **** 
  87:Core/Src/adc.c ****   /** Configure Regular Channel
  88:Core/Src/adc.c ****   */
  89:Core/Src/adc.c ****   sConfig.Channel = ADC_CHANNEL_3;
 152              		.loc 1 89 3 is_stmt 1 view .LVU56
 153              		.loc 1 89 19 is_stmt 0 view .LVU57
 154 0076 0323     		movs	r3, #3
 155 0078 0193     		str	r3, [sp, #4]
  90:Core/Src/adc.c ****   sConfig.Rank = ADC_REGULAR_RANK_2;
 156              		.loc 1 90 3 is_stmt 1 view .LVU58
 157              		.loc 1 90 16 is_stmt 0 view .LVU59
 158 007a 0223     		movs	r3, #2
 159 007c 0293     		str	r3, [sp, #8]
  91:Core/Src/adc.c ****   if (HAL_ADC_ConfigChannel(&hadc1, &sConfig) != HAL_OK)
 160              		.loc 1 91 3 is_stmt 1 view .LVU60
 161              		.loc 1 91 7 is_stmt 0 view .LVU61
 162 007e 01A9     		add	r1, sp, #4
 163 0080 0948     		ldr	r0, .L11
 164 0082 FFF7FEFF 		bl	HAL_ADC_ConfigChannel
 165              	.LVL3:
 166              		.loc 1 91 6 view .LVU62
 167 0086 58B9     		cbnz	r0, .L10
 168              	.L1:
  92:Core/Src/adc.c ****   {
  93:Core/Src/adc.c ****     Error_Handler();
  94:Core/Src/adc.c ****   }
  95:Core/Src/adc.c ****   /* USER CODE BEGIN ADC1_Init 2 */
  96:Core/Src/adc.c **** 
  97:Core/Src/adc.c ****   /* USER CODE END ADC1_Init 2 */
  98:Core/Src/adc.c **** 
  99:Core/Src/adc.c **** }
 169              		.loc 1 99 1 view .LVU63
 170 0088 0BB0     		add	sp, sp, #44
 171              	.LCFI2:
 172              		.cfi_remember_state
 173              		.cfi_def_cfa_offset 4
 174              		@ sp needed
 175 008a 5DF804FB 		ldr	pc, [sp], #4
 176              	.L7:
 177              	.LCFI3:
 178              		.cfi_restore_state
  63:Core/Src/adc.c ****   }
 179              		.loc 1 63 5 is_stmt 1 view .LVU64
 180 008e FFF7FEFF 		bl	Error_Handler
 181              	.LVL4:
 182 0092 DAE7     		b	.L2
 183              	.L8:
  71:Core/Src/adc.c ****   }
 184              		.loc 1 71 5 view .LVU65
 185 0094 FFF7FEFF 		bl	Error_Handler
ARM GAS  C:\Users\31005\AppData\Local\Temp\ccxWCm29.s 			page 6


 186              	.LVL5:
 187 0098 DEE7     		b	.L3
 188              	.L9:
  84:Core/Src/adc.c ****   }
 189              		.loc 1 84 5 view .LVU66
 190 009a FFF7FEFF 		bl	Error_Handler
 191              	.LVL6:
 192 009e EAE7     		b	.L4
 193              	.L10:
  93:Core/Src/adc.c ****   }
 194              		.loc 1 93 5 view .LVU67
 195 00a0 FFF7FEFF 		bl	Error_Handler
 196              	.LVL7:
 197              		.loc 1 99 1 is_stmt 0 view .LVU68
 198 00a4 F0E7     		b	.L1
 199              	.L12:
 200 00a6 00BF     		.align	2
 201              	.L11:
 202 00a8 00000000 		.word	hadc1
 203              		.cfi_endproc
 204              	.LFE123:
 206              		.section	.text.HAL_ADC_MspInit,"ax",%progbits
 207              		.align	1
 208              		.global	HAL_ADC_MspInit
 209              		.syntax unified
 210              		.thumb
 211              		.thumb_func
 213              	HAL_ADC_MspInit:
 214              	.LVL8:
 215              	.LFB124:
 100:Core/Src/adc.c **** 
 101:Core/Src/adc.c **** void HAL_ADC_MspInit(ADC_HandleTypeDef* adcHandle)
 102:Core/Src/adc.c **** {
 216              		.loc 1 102 1 is_stmt 1 view -0
 217              		.cfi_startproc
 218              		@ args = 0, pretend = 0, frame = 32
 219              		@ frame_needed = 0, uses_anonymous_args = 0
 220              		.loc 1 102 1 is_stmt 0 view .LVU70
 221 0000 10B5     		push	{r4, lr}
 222              	.LCFI4:
 223              		.cfi_def_cfa_offset 8
 224              		.cfi_offset 4, -8
 225              		.cfi_offset 14, -4
 226 0002 88B0     		sub	sp, sp, #32
 227              	.LCFI5:
 228              		.cfi_def_cfa_offset 40
 103:Core/Src/adc.c **** 
 104:Core/Src/adc.c ****   GPIO_InitTypeDef GPIO_InitStruct = {0};
 229              		.loc 1 104 3 is_stmt 1 view .LVU71
 230              		.loc 1 104 20 is_stmt 0 view .LVU72
 231 0004 0023     		movs	r3, #0
 232 0006 0393     		str	r3, [sp, #12]
 233 0008 0493     		str	r3, [sp, #16]
 234 000a 0593     		str	r3, [sp, #20]
 235 000c 0693     		str	r3, [sp, #24]
 236 000e 0793     		str	r3, [sp, #28]
 105:Core/Src/adc.c ****   if(adcHandle->Instance==ADC1)
ARM GAS  C:\Users\31005\AppData\Local\Temp\ccxWCm29.s 			page 7


 237              		.loc 1 105 3 is_stmt 1 view .LVU73
 238              		.loc 1 105 15 is_stmt 0 view .LVU74
 239 0010 0368     		ldr	r3, [r0]
 240              		.loc 1 105 5 view .LVU75
 241 0012 B3F1A04F 		cmp	r3, #1342177280
 242 0016 01D0     		beq	.L17
 243              	.LVL9:
 244              	.L13:
 106:Core/Src/adc.c ****   {
 107:Core/Src/adc.c ****   /* USER CODE BEGIN ADC1_MspInit 0 */
 108:Core/Src/adc.c **** 
 109:Core/Src/adc.c ****   /* USER CODE END ADC1_MspInit 0 */
 110:Core/Src/adc.c ****     /* ADC1 clock enable */
 111:Core/Src/adc.c ****     __HAL_RCC_ADC12_CLK_ENABLE();
 112:Core/Src/adc.c **** 
 113:Core/Src/adc.c ****     __HAL_RCC_GPIOA_CLK_ENABLE();
 114:Core/Src/adc.c ****     /**ADC1 GPIO Configuration
 115:Core/Src/adc.c ****     PA1     ------> ADC1_IN2
 116:Core/Src/adc.c ****     PA2     ------> ADC1_IN3
 117:Core/Src/adc.c ****     */
 118:Core/Src/adc.c ****     GPIO_InitStruct.Pin = VIn_Pin|VCC_Pin;
 119:Core/Src/adc.c ****     GPIO_InitStruct.Mode = GPIO_MODE_ANALOG;
 120:Core/Src/adc.c ****     GPIO_InitStruct.Pull = GPIO_NOPULL;
 121:Core/Src/adc.c ****     HAL_GPIO_Init(GPIOA, &GPIO_InitStruct);
 122:Core/Src/adc.c **** 
 123:Core/Src/adc.c ****     /* ADC1 DMA Init */
 124:Core/Src/adc.c ****     /* ADC1 Init */
 125:Core/Src/adc.c ****     hdma_adc1.Instance = DMA1_Channel1;
 126:Core/Src/adc.c ****     hdma_adc1.Init.Direction = DMA_PERIPH_TO_MEMORY;
 127:Core/Src/adc.c ****     hdma_adc1.Init.PeriphInc = DMA_PINC_DISABLE;
 128:Core/Src/adc.c ****     hdma_adc1.Init.MemInc = DMA_MINC_ENABLE;
 129:Core/Src/adc.c ****     hdma_adc1.Init.PeriphDataAlignment = DMA_PDATAALIGN_WORD;
 130:Core/Src/adc.c ****     hdma_adc1.Init.MemDataAlignment = DMA_MDATAALIGN_WORD;
 131:Core/Src/adc.c ****     hdma_adc1.Init.Mode = DMA_CIRCULAR;
 132:Core/Src/adc.c ****     hdma_adc1.Init.Priority = DMA_PRIORITY_LOW;
 133:Core/Src/adc.c ****     if (HAL_DMA_Init(&hdma_adc1) != HAL_OK)
 134:Core/Src/adc.c ****     {
 135:Core/Src/adc.c ****       Error_Handler();
 136:Core/Src/adc.c ****     }
 137:Core/Src/adc.c **** 
 138:Core/Src/adc.c ****     __HAL_LINKDMA(adcHandle,DMA_Handle,hdma_adc1);
 139:Core/Src/adc.c **** 
 140:Core/Src/adc.c ****     /* ADC1 interrupt Init */
 141:Core/Src/adc.c ****     HAL_NVIC_SetPriority(ADC1_2_IRQn, 6, 0);
 142:Core/Src/adc.c ****     HAL_NVIC_EnableIRQ(ADC1_2_IRQn);
 143:Core/Src/adc.c ****   /* USER CODE BEGIN ADC1_MspInit 1 */
 144:Core/Src/adc.c **** 
 145:Core/Src/adc.c ****   /* USER CODE END ADC1_MspInit 1 */
 146:Core/Src/adc.c ****   }
 147:Core/Src/adc.c **** }
 245              		.loc 1 147 1 view .LVU76
 246 0018 08B0     		add	sp, sp, #32
 247              	.LCFI6:
 248              		.cfi_remember_state
 249              		.cfi_def_cfa_offset 8
 250              		@ sp needed
 251 001a 10BD     		pop	{r4, pc}
ARM GAS  C:\Users\31005\AppData\Local\Temp\ccxWCm29.s 			page 8


 252              	.LVL10:
 253              	.L17:
 254              	.LCFI7:
 255              		.cfi_restore_state
 256              		.loc 1 147 1 view .LVU77
 257 001c 0446     		mov	r4, r0
 111:Core/Src/adc.c **** 
 258              		.loc 1 111 5 is_stmt 1 view .LVU78
 259              	.LBB2:
 111:Core/Src/adc.c **** 
 260              		.loc 1 111 5 view .LVU79
 111:Core/Src/adc.c **** 
 261              		.loc 1 111 5 view .LVU80
 262 001e 03F17043 		add	r3, r3, #-268435456
 263 0022 03F50433 		add	r3, r3, #135168
 264 0026 5A69     		ldr	r2, [r3, #20]
 265 0028 42F08052 		orr	r2, r2, #268435456
 266 002c 5A61     		str	r2, [r3, #20]
 111:Core/Src/adc.c **** 
 267              		.loc 1 111 5 view .LVU81
 268 002e 5A69     		ldr	r2, [r3, #20]
 269 0030 02F08052 		and	r2, r2, #268435456
 270 0034 0192     		str	r2, [sp, #4]
 111:Core/Src/adc.c **** 
 271              		.loc 1 111 5 view .LVU82
 272 0036 019A     		ldr	r2, [sp, #4]
 273              	.LBE2:
 111:Core/Src/adc.c **** 
 274              		.loc 1 111 5 view .LVU83
 113:Core/Src/adc.c ****     /**ADC1 GPIO Configuration
 275              		.loc 1 113 5 view .LVU84
 276              	.LBB3:
 113:Core/Src/adc.c ****     /**ADC1 GPIO Configuration
 277              		.loc 1 113 5 view .LVU85
 113:Core/Src/adc.c ****     /**ADC1 GPIO Configuration
 278              		.loc 1 113 5 view .LVU86
 279 0038 5A69     		ldr	r2, [r3, #20]
 280 003a 42F40032 		orr	r2, r2, #131072
 281 003e 5A61     		str	r2, [r3, #20]
 113:Core/Src/adc.c ****     /**ADC1 GPIO Configuration
 282              		.loc 1 113 5 view .LVU87
 283 0040 5B69     		ldr	r3, [r3, #20]
 284 0042 03F40033 		and	r3, r3, #131072
 285 0046 0293     		str	r3, [sp, #8]
 113:Core/Src/adc.c ****     /**ADC1 GPIO Configuration
 286              		.loc 1 113 5 view .LVU88
 287 0048 029B     		ldr	r3, [sp, #8]
 288              	.LBE3:
 113:Core/Src/adc.c ****     /**ADC1 GPIO Configuration
 289              		.loc 1 113 5 view .LVU89
 118:Core/Src/adc.c ****     GPIO_InitStruct.Mode = GPIO_MODE_ANALOG;
 290              		.loc 1 118 5 view .LVU90
 118:Core/Src/adc.c ****     GPIO_InitStruct.Mode = GPIO_MODE_ANALOG;
 291              		.loc 1 118 25 is_stmt 0 view .LVU91
 292 004a 0623     		movs	r3, #6
 293 004c 0393     		str	r3, [sp, #12]
 119:Core/Src/adc.c ****     GPIO_InitStruct.Pull = GPIO_NOPULL;
ARM GAS  C:\Users\31005\AppData\Local\Temp\ccxWCm29.s 			page 9


 294              		.loc 1 119 5 is_stmt 1 view .LVU92
 119:Core/Src/adc.c ****     GPIO_InitStruct.Pull = GPIO_NOPULL;
 295              		.loc 1 119 26 is_stmt 0 view .LVU93
 296 004e 0323     		movs	r3, #3
 297 0050 0493     		str	r3, [sp, #16]
 120:Core/Src/adc.c ****     HAL_GPIO_Init(GPIOA, &GPIO_InitStruct);
 298              		.loc 1 120 5 is_stmt 1 view .LVU94
 121:Core/Src/adc.c **** 
 299              		.loc 1 121 5 view .LVU95
 300 0052 03A9     		add	r1, sp, #12
 301 0054 4FF09040 		mov	r0, #1207959552
 302              	.LVL11:
 121:Core/Src/adc.c **** 
 303              		.loc 1 121 5 is_stmt 0 view .LVU96
 304 0058 FFF7FEFF 		bl	HAL_GPIO_Init
 305              	.LVL12:
 125:Core/Src/adc.c ****     hdma_adc1.Init.Direction = DMA_PERIPH_TO_MEMORY;
 306              		.loc 1 125 5 is_stmt 1 view .LVU97
 125:Core/Src/adc.c ****     hdma_adc1.Init.Direction = DMA_PERIPH_TO_MEMORY;
 307              		.loc 1 125 24 is_stmt 0 view .LVU98
 308 005c 1148     		ldr	r0, .L19
 309 005e 124B     		ldr	r3, .L19+4
 310 0060 0360     		str	r3, [r0]
 126:Core/Src/adc.c ****     hdma_adc1.Init.PeriphInc = DMA_PINC_DISABLE;
 311              		.loc 1 126 5 is_stmt 1 view .LVU99
 126:Core/Src/adc.c ****     hdma_adc1.Init.PeriphInc = DMA_PINC_DISABLE;
 312              		.loc 1 126 30 is_stmt 0 view .LVU100
 313 0062 0023     		movs	r3, #0
 314 0064 4360     		str	r3, [r0, #4]
 127:Core/Src/adc.c ****     hdma_adc1.Init.MemInc = DMA_MINC_ENABLE;
 315              		.loc 1 127 5 is_stmt 1 view .LVU101
 127:Core/Src/adc.c ****     hdma_adc1.Init.MemInc = DMA_MINC_ENABLE;
 316              		.loc 1 127 30 is_stmt 0 view .LVU102
 317 0066 8360     		str	r3, [r0, #8]
 128:Core/Src/adc.c ****     hdma_adc1.Init.PeriphDataAlignment = DMA_PDATAALIGN_WORD;
 318              		.loc 1 128 5 is_stmt 1 view .LVU103
 128:Core/Src/adc.c ****     hdma_adc1.Init.PeriphDataAlignment = DMA_PDATAALIGN_WORD;
 319              		.loc 1 128 27 is_stmt 0 view .LVU104
 320 0068 8022     		movs	r2, #128
 321 006a C260     		str	r2, [r0, #12]
 129:Core/Src/adc.c ****     hdma_adc1.Init.MemDataAlignment = DMA_MDATAALIGN_WORD;
 322              		.loc 1 129 5 is_stmt 1 view .LVU105
 129:Core/Src/adc.c ****     hdma_adc1.Init.MemDataAlignment = DMA_MDATAALIGN_WORD;
 323              		.loc 1 129 40 is_stmt 0 view .LVU106
 324 006c 4FF40072 		mov	r2, #512
 325 0070 0261     		str	r2, [r0, #16]
 130:Core/Src/adc.c ****     hdma_adc1.Init.Mode = DMA_CIRCULAR;
 326              		.loc 1 130 5 is_stmt 1 view .LVU107
 130:Core/Src/adc.c ****     hdma_adc1.Init.Mode = DMA_CIRCULAR;
 327              		.loc 1 130 37 is_stmt 0 view .LVU108
 328 0072 4FF40062 		mov	r2, #2048
 329 0076 4261     		str	r2, [r0, #20]
 131:Core/Src/adc.c ****     hdma_adc1.Init.Priority = DMA_PRIORITY_LOW;
 330              		.loc 1 131 5 is_stmt 1 view .LVU109
 131:Core/Src/adc.c ****     hdma_adc1.Init.Priority = DMA_PRIORITY_LOW;
 331              		.loc 1 131 25 is_stmt 0 view .LVU110
 332 0078 2022     		movs	r2, #32
ARM GAS  C:\Users\31005\AppData\Local\Temp\ccxWCm29.s 			page 10


 333 007a 8261     		str	r2, [r0, #24]
 132:Core/Src/adc.c ****     if (HAL_DMA_Init(&hdma_adc1) != HAL_OK)
 334              		.loc 1 132 5 is_stmt 1 view .LVU111
 132:Core/Src/adc.c ****     if (HAL_DMA_Init(&hdma_adc1) != HAL_OK)
 335              		.loc 1 132 29 is_stmt 0 view .LVU112
 336 007c C361     		str	r3, [r0, #28]
 133:Core/Src/adc.c ****     {
 337              		.loc 1 133 5 is_stmt 1 view .LVU113
 133:Core/Src/adc.c ****     {
 338              		.loc 1 133 9 is_stmt 0 view .LVU114
 339 007e FFF7FEFF 		bl	HAL_DMA_Init
 340              	.LVL13:
 133:Core/Src/adc.c ****     {
 341              		.loc 1 133 8 view .LVU115
 342 0082 58B9     		cbnz	r0, .L18
 343              	.L15:
 138:Core/Src/adc.c **** 
 344              		.loc 1 138 5 is_stmt 1 view .LVU116
 138:Core/Src/adc.c **** 
 345              		.loc 1 138 5 view .LVU117
 346 0084 074B     		ldr	r3, .L19
 347 0086 A363     		str	r3, [r4, #56]
 138:Core/Src/adc.c **** 
 348              		.loc 1 138 5 view .LVU118
 349 0088 5C62     		str	r4, [r3, #36]
 138:Core/Src/adc.c **** 
 350              		.loc 1 138 5 view .LVU119
 141:Core/Src/adc.c ****     HAL_NVIC_EnableIRQ(ADC1_2_IRQn);
 351              		.loc 1 141 5 view .LVU120
 352 008a 0022     		movs	r2, #0
 353 008c 0621     		movs	r1, #6
 354 008e 1220     		movs	r0, #18
 355 0090 FFF7FEFF 		bl	HAL_NVIC_SetPriority
 356              	.LVL14:
 142:Core/Src/adc.c ****   /* USER CODE BEGIN ADC1_MspInit 1 */
 357              		.loc 1 142 5 view .LVU121
 358 0094 1220     		movs	r0, #18
 359 0096 FFF7FEFF 		bl	HAL_NVIC_EnableIRQ
 360              	.LVL15:
 361              		.loc 1 147 1 is_stmt 0 view .LVU122
 362 009a BDE7     		b	.L13
 363              	.L18:
 135:Core/Src/adc.c ****     }
 364              		.loc 1 135 7 is_stmt 1 view .LVU123
 365 009c FFF7FEFF 		bl	Error_Handler
 366              	.LVL16:
 367 00a0 F0E7     		b	.L15
 368              	.L20:
 369 00a2 00BF     		.align	2
 370              	.L19:
 371 00a4 00000000 		.word	hdma_adc1
 372 00a8 08000240 		.word	1073872904
 373              		.cfi_endproc
 374              	.LFE124:
 376              		.section	.text.HAL_ADC_MspDeInit,"ax",%progbits
 377              		.align	1
 378              		.global	HAL_ADC_MspDeInit
ARM GAS  C:\Users\31005\AppData\Local\Temp\ccxWCm29.s 			page 11


 379              		.syntax unified
 380              		.thumb
 381              		.thumb_func
 383              	HAL_ADC_MspDeInit:
 384              	.LVL17:
 385              	.LFB125:
 148:Core/Src/adc.c **** 
 149:Core/Src/adc.c **** void HAL_ADC_MspDeInit(ADC_HandleTypeDef* adcHandle)
 150:Core/Src/adc.c **** {
 386              		.loc 1 150 1 view -0
 387              		.cfi_startproc
 388              		@ args = 0, pretend = 0, frame = 0
 389              		@ frame_needed = 0, uses_anonymous_args = 0
 151:Core/Src/adc.c **** 
 152:Core/Src/adc.c ****   if(adcHandle->Instance==ADC1)
 390              		.loc 1 152 3 view .LVU125
 391              		.loc 1 152 15 is_stmt 0 view .LVU126
 392 0000 0368     		ldr	r3, [r0]
 393              		.loc 1 152 5 view .LVU127
 394 0002 B3F1A04F 		cmp	r3, #1342177280
 395 0006 00D0     		beq	.L27
 396 0008 7047     		bx	lr
 397              	.L27:
 150:Core/Src/adc.c **** 
 398              		.loc 1 150 1 view .LVU128
 399 000a 10B5     		push	{r4, lr}
 400              	.LCFI8:
 401              		.cfi_def_cfa_offset 8
 402              		.cfi_offset 4, -8
 403              		.cfi_offset 14, -4
 404 000c 0446     		mov	r4, r0
 153:Core/Src/adc.c ****   {
 154:Core/Src/adc.c ****   /* USER CODE BEGIN ADC1_MspDeInit 0 */
 155:Core/Src/adc.c **** 
 156:Core/Src/adc.c ****   /* USER CODE END ADC1_MspDeInit 0 */
 157:Core/Src/adc.c ****     /* Peripheral clock disable */
 158:Core/Src/adc.c ****     __HAL_RCC_ADC12_CLK_DISABLE();
 405              		.loc 1 158 5 is_stmt 1 view .LVU129
 406 000e 084A     		ldr	r2, .L28
 407 0010 5369     		ldr	r3, [r2, #20]
 408 0012 23F08053 		bic	r3, r3, #268435456
 409 0016 5361     		str	r3, [r2, #20]
 159:Core/Src/adc.c **** 
 160:Core/Src/adc.c ****     /**ADC1 GPIO Configuration
 161:Core/Src/adc.c ****     PA1     ------> ADC1_IN2
 162:Core/Src/adc.c ****     PA2     ------> ADC1_IN3
 163:Core/Src/adc.c ****     */
 164:Core/Src/adc.c ****     HAL_GPIO_DeInit(GPIOA, VIn_Pin|VCC_Pin);
 410              		.loc 1 164 5 view .LVU130
 411 0018 0621     		movs	r1, #6
 412 001a 4FF09040 		mov	r0, #1207959552
 413              	.LVL18:
 414              		.loc 1 164 5 is_stmt 0 view .LVU131
 415 001e FFF7FEFF 		bl	HAL_GPIO_DeInit
 416              	.LVL19:
 165:Core/Src/adc.c **** 
 166:Core/Src/adc.c ****     /* ADC1 DMA DeInit */
ARM GAS  C:\Users\31005\AppData\Local\Temp\ccxWCm29.s 			page 12


 167:Core/Src/adc.c ****     HAL_DMA_DeInit(adcHandle->DMA_Handle);
 417              		.loc 1 167 5 is_stmt 1 view .LVU132
 418 0022 A06B     		ldr	r0, [r4, #56]
 419 0024 FFF7FEFF 		bl	HAL_DMA_DeInit
 420              	.LVL20:
 168:Core/Src/adc.c **** 
 169:Core/Src/adc.c ****     /* ADC1 interrupt Deinit */
 170:Core/Src/adc.c ****     HAL_NVIC_DisableIRQ(ADC1_2_IRQn);
 421              		.loc 1 170 5 view .LVU133
 422 0028 1220     		movs	r0, #18
 423 002a FFF7FEFF 		bl	HAL_NVIC_DisableIRQ
 424              	.LVL21:
 171:Core/Src/adc.c ****   /* USER CODE BEGIN ADC1_MspDeInit 1 */
 172:Core/Src/adc.c **** 
 173:Core/Src/adc.c ****   /* USER CODE END ADC1_MspDeInit 1 */
 174:Core/Src/adc.c ****   }
 175:Core/Src/adc.c **** }
 425              		.loc 1 175 1 is_stmt 0 view .LVU134
 426 002e 10BD     		pop	{r4, pc}
 427              	.LVL22:
 428              	.L29:
 429              		.loc 1 175 1 view .LVU135
 430              		.align	2
 431              	.L28:
 432 0030 00100240 		.word	1073876992
 433              		.cfi_endproc
 434              	.LFE125:
 436              		.global	hdma_adc1
 437              		.section	.bss.hdma_adc1,"aw",%nobits
 438              		.align	2
 441              	hdma_adc1:
 442 0000 00000000 		.space	68
 442      00000000 
 442      00000000 
 442      00000000 
 442      00000000 
 443              		.global	hadc1
 444              		.section	.bss.hadc1,"aw",%nobits
 445              		.align	2
 448              	hadc1:
 449 0000 00000000 		.space	80
 449      00000000 
 449      00000000 
 449      00000000 
 449      00000000 
 450              		.text
 451              	.Letext0:
 452              		.file 2 "Drivers/CMSIS/Device/ST/STM32F3xx/Include/stm32f334x8.h"
 453              		.file 3 "e:\\vscode\\msys2\\mingw64\\arm-none-eabi\\include\\machine\\_default_types.h"
 454              		.file 4 "e:\\vscode\\msys2\\mingw64\\arm-none-eabi\\include\\sys\\_stdint.h"
 455              		.file 5 "Drivers/CMSIS/Device/ST/STM32F3xx/Include/stm32f3xx.h"
 456              		.file 6 "Drivers/STM32F3xx_HAL_Driver/Inc/stm32f3xx_hal_def.h"
 457              		.file 7 "Drivers/STM32F3xx_HAL_Driver/Inc/stm32f3xx_hal_gpio.h"
 458              		.file 8 "Drivers/STM32F3xx_HAL_Driver/Inc/stm32f3xx_hal_dma.h"
 459              		.file 9 "Drivers/STM32F3xx_HAL_Driver/Inc/stm32f3xx_hal_adc_ex.h"
 460              		.file 10 "Drivers/STM32F3xx_HAL_Driver/Inc/stm32f3xx_hal_adc.h"
 461              		.file 11 "Core/Inc/adc.h"
ARM GAS  C:\Users\31005\AppData\Local\Temp\ccxWCm29.s 			page 13


 462              		.file 12 "Drivers/STM32F3xx_HAL_Driver/Inc/stm32f3xx_hal_cortex.h"
 463              		.file 13 "Core/Inc/main.h"
ARM GAS  C:\Users\31005\AppData\Local\Temp\ccxWCm29.s 			page 14


DEFINED SYMBOLS
                            *ABS*:00000000 adc.c
C:\Users\31005\AppData\Local\Temp\ccxWCm29.s:21     .text.MX_ADC1_Init:00000000 $t
C:\Users\31005\AppData\Local\Temp\ccxWCm29.s:27     .text.MX_ADC1_Init:00000000 MX_ADC1_Init
C:\Users\31005\AppData\Local\Temp\ccxWCm29.s:202    .text.MX_ADC1_Init:000000a8 $d
C:\Users\31005\AppData\Local\Temp\ccxWCm29.s:448    .bss.hadc1:00000000 hadc1
C:\Users\31005\AppData\Local\Temp\ccxWCm29.s:207    .text.HAL_ADC_MspInit:00000000 $t
C:\Users\31005\AppData\Local\Temp\ccxWCm29.s:213    .text.HAL_ADC_MspInit:00000000 HAL_ADC_MspInit
C:\Users\31005\AppData\Local\Temp\ccxWCm29.s:371    .text.HAL_ADC_MspInit:000000a4 $d
C:\Users\31005\AppData\Local\Temp\ccxWCm29.s:441    .bss.hdma_adc1:00000000 hdma_adc1
C:\Users\31005\AppData\Local\Temp\ccxWCm29.s:377    .text.HAL_ADC_MspDeInit:00000000 $t
C:\Users\31005\AppData\Local\Temp\ccxWCm29.s:383    .text.HAL_ADC_MspDeInit:00000000 HAL_ADC_MspDeInit
C:\Users\31005\AppData\Local\Temp\ccxWCm29.s:432    .text.HAL_ADC_MspDeInit:00000030 $d
C:\Users\31005\AppData\Local\Temp\ccxWCm29.s:438    .bss.hdma_adc1:00000000 $d
C:\Users\31005\AppData\Local\Temp\ccxWCm29.s:445    .bss.hadc1:00000000 $d

UNDEFINED SYMBOLS
HAL_ADC_Init
HAL_ADCEx_MultiModeConfigChannel
HAL_ADC_ConfigChannel
Error_Handler
HAL_GPIO_Init
HAL_DMA_Init
HAL_NVIC_SetPriority
HAL_NVIC_EnableIRQ
HAL_GPIO_DeInit
HAL_DMA_DeInit
HAL_NVIC_DisableIRQ
