ARM GAS  C:\Users\31005\AppData\Local\Temp\ccFeObc3.s 			page 1


   1              		.cpu cortex-m4
   2              		.arch armv7e-m
   3              		.fpu fpv4-sp-d16
   4              		.eabi_attribute 27, 1
   5              		.eabi_attribute 28, 1
   6              		.eabi_attribute 20, 1
   7              		.eabi_attribute 21, 1
   8              		.eabi_attribute 23, 3
   9              		.eabi_attribute 24, 1
  10              		.eabi_attribute 25, 1
  11              		.eabi_attribute 26, 1
  12              		.eabi_attribute 30, 1
  13              		.eabi_attribute 34, 1
  14              		.eabi_attribute 18, 4
  15              		.file	"tim.c"
  16              		.text
  17              	.Ltext0:
  18              		.cfi_sections	.debug_frame
  19              		.file 1 "Core/Src/tim.c"
  20              		.section	.text.MX_TIM3_Init,"ax",%progbits
  21              		.align	1
  22              		.global	MX_TIM3_Init
  23              		.syntax unified
  24              		.thumb
  25              		.thumb_func
  27              	MX_TIM3_Init:
  28              	.LFB123:
   1:Core/Src/tim.c **** /* USER CODE BEGIN Header */
   2:Core/Src/tim.c **** /**
   3:Core/Src/tim.c ****   ******************************************************************************
   4:Core/Src/tim.c ****   * @file    tim.c
   5:Core/Src/tim.c ****   * @brief   This file provides code for the configuration
   6:Core/Src/tim.c ****   *          of the TIM instances.
   7:Core/Src/tim.c ****   ******************************************************************************
   8:Core/Src/tim.c ****   * @attention
   9:Core/Src/tim.c ****   *
  10:Core/Src/tim.c ****   * Copyright (c) 2025 STMicroelectronics.
  11:Core/Src/tim.c ****   * All rights reserved.
  12:Core/Src/tim.c ****   *
  13:Core/Src/tim.c ****   * This software is licensed under terms that can be found in the LICENSE file
  14:Core/Src/tim.c ****   * in the root directory of this software component.
  15:Core/Src/tim.c ****   * If no LICENSE file comes with this software, it is provided AS-IS.
  16:Core/Src/tim.c ****   *
  17:Core/Src/tim.c ****   ******************************************************************************
  18:Core/Src/tim.c ****   */
  19:Core/Src/tim.c **** /* USER CODE END Header */
  20:Core/Src/tim.c **** /* Includes ------------------------------------------------------------------*/
  21:Core/Src/tim.c **** #include "tim.h"
  22:Core/Src/tim.c **** 
  23:Core/Src/tim.c **** /* USER CODE BEGIN 0 */
  24:Core/Src/tim.c **** 
  25:Core/Src/tim.c **** /* USER CODE END 0 */
  26:Core/Src/tim.c **** 
  27:Core/Src/tim.c **** TIM_HandleTypeDef htim3;
  28:Core/Src/tim.c **** 
  29:Core/Src/tim.c **** /* TIM3 init function */
  30:Core/Src/tim.c **** void MX_TIM3_Init(void)
ARM GAS  C:\Users\31005\AppData\Local\Temp\ccFeObc3.s 			page 2


  31:Core/Src/tim.c **** {
  29              		.loc 1 31 1 view -0
  30              		.cfi_startproc
  31              		@ args = 0, pretend = 0, frame = 32
  32              		@ frame_needed = 0, uses_anonymous_args = 0
  33 0000 00B5     		push	{lr}
  34              	.LCFI0:
  35              		.cfi_def_cfa_offset 4
  36              		.cfi_offset 14, -4
  37 0002 89B0     		sub	sp, sp, #36
  38              	.LCFI1:
  39              		.cfi_def_cfa_offset 40
  32:Core/Src/tim.c **** 
  33:Core/Src/tim.c ****   /* USER CODE BEGIN TIM3_Init 0 */
  34:Core/Src/tim.c **** 
  35:Core/Src/tim.c ****   /* USER CODE END TIM3_Init 0 */
  36:Core/Src/tim.c **** 
  37:Core/Src/tim.c ****   TIM_ClockConfigTypeDef sClockSourceConfig = {0};
  40              		.loc 1 37 3 view .LVU1
  41              		.loc 1 37 26 is_stmt 0 view .LVU2
  42 0004 0023     		movs	r3, #0
  43 0006 0493     		str	r3, [sp, #16]
  44 0008 0593     		str	r3, [sp, #20]
  45 000a 0693     		str	r3, [sp, #24]
  46 000c 0793     		str	r3, [sp, #28]
  38:Core/Src/tim.c ****   TIM_MasterConfigTypeDef sMasterConfig = {0};
  47              		.loc 1 38 3 is_stmt 1 view .LVU3
  48              		.loc 1 38 27 is_stmt 0 view .LVU4
  49 000e 0193     		str	r3, [sp, #4]
  50 0010 0293     		str	r3, [sp, #8]
  51 0012 0393     		str	r3, [sp, #12]
  39:Core/Src/tim.c **** 
  40:Core/Src/tim.c ****   /* USER CODE BEGIN TIM3_Init 1 */
  41:Core/Src/tim.c **** 
  42:Core/Src/tim.c ****   /* USER CODE END TIM3_Init 1 */
  43:Core/Src/tim.c ****   htim3.Instance = TIM3;
  52              		.loc 1 43 3 is_stmt 1 view .LVU5
  53              		.loc 1 43 18 is_stmt 0 view .LVU6
  54 0014 1548     		ldr	r0, .L9
  55 0016 164A     		ldr	r2, .L9+4
  56 0018 0260     		str	r2, [r0]
  44:Core/Src/tim.c ****   htim3.Init.Prescaler = 18-1;
  57              		.loc 1 44 3 is_stmt 1 view .LVU7
  58              		.loc 1 44 24 is_stmt 0 view .LVU8
  59 001a 1122     		movs	r2, #17
  60 001c 4260     		str	r2, [r0, #4]
  45:Core/Src/tim.c ****   htim3.Init.CounterMode = TIM_COUNTERMODE_UP;
  61              		.loc 1 45 3 is_stmt 1 view .LVU9
  62              		.loc 1 45 26 is_stmt 0 view .LVU10
  63 001e 8360     		str	r3, [r0, #8]
  46:Core/Src/tim.c ****   htim3.Init.Period = 1000-1;
  64              		.loc 1 46 3 is_stmt 1 view .LVU11
  65              		.loc 1 46 21 is_stmt 0 view .LVU12
  66 0020 40F2E732 		movw	r2, #999
  67 0024 C260     		str	r2, [r0, #12]
  47:Core/Src/tim.c ****   htim3.Init.ClockDivision = TIM_CLOCKDIVISION_DIV1;
  68              		.loc 1 47 3 is_stmt 1 view .LVU13
ARM GAS  C:\Users\31005\AppData\Local\Temp\ccFeObc3.s 			page 3


  69              		.loc 1 47 28 is_stmt 0 view .LVU14
  70 0026 0361     		str	r3, [r0, #16]
  48:Core/Src/tim.c ****   htim3.Init.AutoReloadPreload = TIM_AUTORELOAD_PRELOAD_ENABLE;
  71              		.loc 1 48 3 is_stmt 1 view .LVU15
  72              		.loc 1 48 32 is_stmt 0 view .LVU16
  73 0028 8023     		movs	r3, #128
  74 002a 8361     		str	r3, [r0, #24]
  49:Core/Src/tim.c ****   if (HAL_TIM_Base_Init(&htim3) != HAL_OK)
  75              		.loc 1 49 3 is_stmt 1 view .LVU17
  76              		.loc 1 49 7 is_stmt 0 view .LVU18
  77 002c FFF7FEFF 		bl	HAL_TIM_Base_Init
  78              	.LVL0:
  79              		.loc 1 49 6 view .LVU19
  80 0030 90B9     		cbnz	r0, .L6
  81              	.L2:
  50:Core/Src/tim.c ****   {
  51:Core/Src/tim.c ****     Error_Handler();
  52:Core/Src/tim.c ****   }
  53:Core/Src/tim.c ****   sClockSourceConfig.ClockSource = TIM_CLOCKSOURCE_INTERNAL;
  82              		.loc 1 53 3 is_stmt 1 view .LVU20
  83              		.loc 1 53 34 is_stmt 0 view .LVU21
  84 0032 4FF48053 		mov	r3, #4096
  85 0036 0493     		str	r3, [sp, #16]
  54:Core/Src/tim.c ****   if (HAL_TIM_ConfigClockSource(&htim3, &sClockSourceConfig) != HAL_OK)
  86              		.loc 1 54 3 is_stmt 1 view .LVU22
  87              		.loc 1 54 7 is_stmt 0 view .LVU23
  88 0038 04A9     		add	r1, sp, #16
  89 003a 0C48     		ldr	r0, .L9
  90 003c FFF7FEFF 		bl	HAL_TIM_ConfigClockSource
  91              	.LVL1:
  92              		.loc 1 54 6 view .LVU24
  93 0040 68B9     		cbnz	r0, .L7
  94              	.L3:
  55:Core/Src/tim.c ****   {
  56:Core/Src/tim.c ****     Error_Handler();
  57:Core/Src/tim.c ****   }
  58:Core/Src/tim.c ****   sMasterConfig.MasterOutputTrigger = TIM_TRGO_RESET;
  95              		.loc 1 58 3 is_stmt 1 view .LVU25
  96              		.loc 1 58 37 is_stmt 0 view .LVU26
  97 0042 0023     		movs	r3, #0
  98 0044 0193     		str	r3, [sp, #4]
  59:Core/Src/tim.c ****   sMasterConfig.MasterSlaveMode = TIM_MASTERSLAVEMODE_DISABLE;
  99              		.loc 1 59 3 is_stmt 1 view .LVU27
 100              		.loc 1 59 33 is_stmt 0 view .LVU28
 101 0046 0393     		str	r3, [sp, #12]
  60:Core/Src/tim.c ****   if (HAL_TIMEx_MasterConfigSynchronization(&htim3, &sMasterConfig) != HAL_OK)
 102              		.loc 1 60 3 is_stmt 1 view .LVU29
 103              		.loc 1 60 7 is_stmt 0 view .LVU30
 104 0048 01A9     		add	r1, sp, #4
 105 004a 0848     		ldr	r0, .L9
 106 004c FFF7FEFF 		bl	HAL_TIMEx_MasterConfigSynchronization
 107              	.LVL2:
 108              		.loc 1 60 6 view .LVU31
 109 0050 40B9     		cbnz	r0, .L8
 110              	.L1:
  61:Core/Src/tim.c ****   {
  62:Core/Src/tim.c ****     Error_Handler();
ARM GAS  C:\Users\31005\AppData\Local\Temp\ccFeObc3.s 			page 4


  63:Core/Src/tim.c ****   }
  64:Core/Src/tim.c ****   /* USER CODE BEGIN TIM3_Init 2 */
  65:Core/Src/tim.c **** 
  66:Core/Src/tim.c ****   /* USER CODE END TIM3_Init 2 */
  67:Core/Src/tim.c **** 
  68:Core/Src/tim.c **** }
 111              		.loc 1 68 1 view .LVU32
 112 0052 09B0     		add	sp, sp, #36
 113              	.LCFI2:
 114              		.cfi_remember_state
 115              		.cfi_def_cfa_offset 4
 116              		@ sp needed
 117 0054 5DF804FB 		ldr	pc, [sp], #4
 118              	.L6:
 119              	.LCFI3:
 120              		.cfi_restore_state
  51:Core/Src/tim.c ****   }
 121              		.loc 1 51 5 is_stmt 1 view .LVU33
 122 0058 FFF7FEFF 		bl	Error_Handler
 123              	.LVL3:
 124 005c E9E7     		b	.L2
 125              	.L7:
  56:Core/Src/tim.c ****   }
 126              		.loc 1 56 5 view .LVU34
 127 005e FFF7FEFF 		bl	Error_Handler
 128              	.LVL4:
 129 0062 EEE7     		b	.L3
 130              	.L8:
  62:Core/Src/tim.c ****   }
 131              		.loc 1 62 5 view .LVU35
 132 0064 FFF7FEFF 		bl	Error_Handler
 133              	.LVL5:
 134              		.loc 1 68 1 is_stmt 0 view .LVU36
 135 0068 F3E7     		b	.L1
 136              	.L10:
 137 006a 00BF     		.align	2
 138              	.L9:
 139 006c 00000000 		.word	htim3
 140 0070 00040040 		.word	1073742848
 141              		.cfi_endproc
 142              	.LFE123:
 144              		.section	.text.HAL_TIM_Base_MspInit,"ax",%progbits
 145              		.align	1
 146              		.global	HAL_TIM_Base_MspInit
 147              		.syntax unified
 148              		.thumb
 149              		.thumb_func
 151              	HAL_TIM_Base_MspInit:
 152              	.LVL6:
 153              	.LFB124:
  69:Core/Src/tim.c **** 
  70:Core/Src/tim.c **** void HAL_TIM_Base_MspInit(TIM_HandleTypeDef* tim_baseHandle)
  71:Core/Src/tim.c **** {
 154              		.loc 1 71 1 is_stmt 1 view -0
 155              		.cfi_startproc
 156              		@ args = 0, pretend = 0, frame = 8
 157              		@ frame_needed = 0, uses_anonymous_args = 0
ARM GAS  C:\Users\31005\AppData\Local\Temp\ccFeObc3.s 			page 5


  72:Core/Src/tim.c **** 
  73:Core/Src/tim.c ****   if(tim_baseHandle->Instance==TIM3)
 158              		.loc 1 73 3 view .LVU38
 159              		.loc 1 73 20 is_stmt 0 view .LVU39
 160 0000 0268     		ldr	r2, [r0]
 161              		.loc 1 73 5 view .LVU40
 162 0002 0E4B     		ldr	r3, .L18
 163 0004 9A42     		cmp	r2, r3
 164 0006 00D0     		beq	.L17
 165 0008 7047     		bx	lr
 166              	.L17:
  71:Core/Src/tim.c **** 
 167              		.loc 1 71 1 view .LVU41
 168 000a 00B5     		push	{lr}
 169              	.LCFI4:
 170              		.cfi_def_cfa_offset 4
 171              		.cfi_offset 14, -4
 172 000c 83B0     		sub	sp, sp, #12
 173              	.LCFI5:
 174              		.cfi_def_cfa_offset 16
  74:Core/Src/tim.c ****   {
  75:Core/Src/tim.c ****   /* USER CODE BEGIN TIM3_MspInit 0 */
  76:Core/Src/tim.c **** 
  77:Core/Src/tim.c ****   /* USER CODE END TIM3_MspInit 0 */
  78:Core/Src/tim.c ****     /* TIM3 clock enable */
  79:Core/Src/tim.c ****     __HAL_RCC_TIM3_CLK_ENABLE();
 175              		.loc 1 79 5 is_stmt 1 view .LVU42
 176              	.LBB2:
 177              		.loc 1 79 5 view .LVU43
 178              		.loc 1 79 5 view .LVU44
 179 000e 03F50333 		add	r3, r3, #134144
 180 0012 DA69     		ldr	r2, [r3, #28]
 181 0014 42F00202 		orr	r2, r2, #2
 182 0018 DA61     		str	r2, [r3, #28]
 183              		.loc 1 79 5 view .LVU45
 184 001a DB69     		ldr	r3, [r3, #28]
 185 001c 03F00203 		and	r3, r3, #2
 186 0020 0193     		str	r3, [sp, #4]
 187              		.loc 1 79 5 view .LVU46
 188 0022 019B     		ldr	r3, [sp, #4]
 189              	.LBE2:
 190              		.loc 1 79 5 view .LVU47
  80:Core/Src/tim.c **** 
  81:Core/Src/tim.c ****     /* TIM3 interrupt Init */
  82:Core/Src/tim.c ****     HAL_NVIC_SetPriority(TIM3_IRQn, 5, 0);
 191              		.loc 1 82 5 view .LVU48
 192 0024 0022     		movs	r2, #0
 193 0026 0521     		movs	r1, #5
 194 0028 1D20     		movs	r0, #29
 195              	.LVL7:
 196              		.loc 1 82 5 is_stmt 0 view .LVU49
 197 002a FFF7FEFF 		bl	HAL_NVIC_SetPriority
 198              	.LVL8:
  83:Core/Src/tim.c ****     HAL_NVIC_EnableIRQ(TIM3_IRQn);
 199              		.loc 1 83 5 is_stmt 1 view .LVU50
 200 002e 1D20     		movs	r0, #29
 201 0030 FFF7FEFF 		bl	HAL_NVIC_EnableIRQ
ARM GAS  C:\Users\31005\AppData\Local\Temp\ccFeObc3.s 			page 6


 202              	.LVL9:
  84:Core/Src/tim.c ****   /* USER CODE BEGIN TIM3_MspInit 1 */
  85:Core/Src/tim.c **** 
  86:Core/Src/tim.c ****   /* USER CODE END TIM3_MspInit 1 */
  87:Core/Src/tim.c ****   }
  88:Core/Src/tim.c **** }
 203              		.loc 1 88 1 is_stmt 0 view .LVU51
 204 0034 03B0     		add	sp, sp, #12
 205              	.LCFI6:
 206              		.cfi_def_cfa_offset 4
 207              		@ sp needed
 208 0036 5DF804FB 		ldr	pc, [sp], #4
 209              	.L19:
 210 003a 00BF     		.align	2
 211              	.L18:
 212 003c 00040040 		.word	1073742848
 213              		.cfi_endproc
 214              	.LFE124:
 216              		.section	.text.HAL_TIM_Base_MspDeInit,"ax",%progbits
 217              		.align	1
 218              		.global	HAL_TIM_Base_MspDeInit
 219              		.syntax unified
 220              		.thumb
 221              		.thumb_func
 223              	HAL_TIM_Base_MspDeInit:
 224              	.LVL10:
 225              	.LFB125:
  89:Core/Src/tim.c **** 
  90:Core/Src/tim.c **** void HAL_TIM_Base_MspDeInit(TIM_HandleTypeDef* tim_baseHandle)
  91:Core/Src/tim.c **** {
 226              		.loc 1 91 1 is_stmt 1 view -0
 227              		.cfi_startproc
 228              		@ args = 0, pretend = 0, frame = 0
 229              		@ frame_needed = 0, uses_anonymous_args = 0
 230              		.loc 1 91 1 is_stmt 0 view .LVU53
 231 0000 08B5     		push	{r3, lr}
 232              	.LCFI7:
 233              		.cfi_def_cfa_offset 8
 234              		.cfi_offset 3, -8
 235              		.cfi_offset 14, -4
  92:Core/Src/tim.c **** 
  93:Core/Src/tim.c ****   if(tim_baseHandle->Instance==TIM3)
 236              		.loc 1 93 3 is_stmt 1 view .LVU54
 237              		.loc 1 93 20 is_stmt 0 view .LVU55
 238 0002 0268     		ldr	r2, [r0]
 239              		.loc 1 93 5 view .LVU56
 240 0004 064B     		ldr	r3, .L24
 241 0006 9A42     		cmp	r2, r3
 242 0008 00D0     		beq	.L23
 243              	.LVL11:
 244              	.L20:
  94:Core/Src/tim.c ****   {
  95:Core/Src/tim.c ****   /* USER CODE BEGIN TIM3_MspDeInit 0 */
  96:Core/Src/tim.c **** 
  97:Core/Src/tim.c ****   /* USER CODE END TIM3_MspDeInit 0 */
  98:Core/Src/tim.c ****     /* Peripheral clock disable */
  99:Core/Src/tim.c ****     __HAL_RCC_TIM3_CLK_DISABLE();
ARM GAS  C:\Users\31005\AppData\Local\Temp\ccFeObc3.s 			page 7


 100:Core/Src/tim.c **** 
 101:Core/Src/tim.c ****     /* TIM3 interrupt Deinit */
 102:Core/Src/tim.c ****     HAL_NVIC_DisableIRQ(TIM3_IRQn);
 103:Core/Src/tim.c ****   /* USER CODE BEGIN TIM3_MspDeInit 1 */
 104:Core/Src/tim.c **** 
 105:Core/Src/tim.c ****   /* USER CODE END TIM3_MspDeInit 1 */
 106:Core/Src/tim.c ****   }
 107:Core/Src/tim.c **** }
 245              		.loc 1 107 1 view .LVU57
 246 000a 08BD     		pop	{r3, pc}
 247              	.LVL12:
 248              	.L23:
  99:Core/Src/tim.c **** 
 249              		.loc 1 99 5 is_stmt 1 view .LVU58
 250 000c 054A     		ldr	r2, .L24+4
 251 000e D369     		ldr	r3, [r2, #28]
 252 0010 23F00203 		bic	r3, r3, #2
 253 0014 D361     		str	r3, [r2, #28]
 102:Core/Src/tim.c ****   /* USER CODE BEGIN TIM3_MspDeInit 1 */
 254              		.loc 1 102 5 view .LVU59
 255 0016 1D20     		movs	r0, #29
 256              	.LVL13:
 102:Core/Src/tim.c ****   /* USER CODE BEGIN TIM3_MspDeInit 1 */
 257              		.loc 1 102 5 is_stmt 0 view .LVU60
 258 0018 FFF7FEFF 		bl	HAL_NVIC_DisableIRQ
 259              	.LVL14:
 260              		.loc 1 107 1 view .LVU61
 261 001c F5E7     		b	.L20
 262              	.L25:
 263 001e 00BF     		.align	2
 264              	.L24:
 265 0020 00040040 		.word	1073742848
 266 0024 00100240 		.word	1073876992
 267              		.cfi_endproc
 268              	.LFE125:
 270              		.global	htim3
 271              		.section	.bss.htim3,"aw",%nobits
 272              		.align	2
 275              	htim3:
 276 0000 00000000 		.space	76
 276      00000000 
 276      00000000 
 276      00000000 
 276      00000000 
 277              		.text
 278              	.Letext0:
 279              		.file 2 "Drivers/CMSIS/Device/ST/STM32F3xx/Include/stm32f334x8.h"
 280              		.file 3 "e:\\vscode\\msys2\\mingw64\\arm-none-eabi\\include\\machine\\_default_types.h"
 281              		.file 4 "e:\\vscode\\msys2\\mingw64\\arm-none-eabi\\include\\sys\\_stdint.h"
 282              		.file 5 "Drivers/STM32F3xx_HAL_Driver/Inc/stm32f3xx_hal_def.h"
 283              		.file 6 "Drivers/STM32F3xx_HAL_Driver/Inc/stm32f3xx_hal_dma.h"
 284              		.file 7 "Drivers/STM32F3xx_HAL_Driver/Inc/stm32f3xx_hal_tim.h"
 285              		.file 8 "Drivers/STM32F3xx_HAL_Driver/Inc/stm32f3xx_hal_cortex.h"
 286              		.file 9 "Drivers/STM32F3xx_HAL_Driver/Inc/stm32f3xx_hal_tim_ex.h"
 287              		.file 10 "Core/Inc/tim.h"
 288              		.file 11 "Core/Inc/main.h"
ARM GAS  C:\Users\31005\AppData\Local\Temp\ccFeObc3.s 			page 8


DEFINED SYMBOLS
                            *ABS*:00000000 tim.c
C:\Users\31005\AppData\Local\Temp\ccFeObc3.s:21     .text.MX_TIM3_Init:00000000 $t
C:\Users\31005\AppData\Local\Temp\ccFeObc3.s:27     .text.MX_TIM3_Init:00000000 MX_TIM3_Init
C:\Users\31005\AppData\Local\Temp\ccFeObc3.s:139    .text.MX_TIM3_Init:0000006c $d
C:\Users\31005\AppData\Local\Temp\ccFeObc3.s:275    .bss.htim3:00000000 htim3
C:\Users\31005\AppData\Local\Temp\ccFeObc3.s:145    .text.HAL_TIM_Base_MspInit:00000000 $t
C:\Users\31005\AppData\Local\Temp\ccFeObc3.s:151    .text.HAL_TIM_Base_MspInit:00000000 HAL_TIM_Base_MspInit
C:\Users\31005\AppData\Local\Temp\ccFeObc3.s:212    .text.HAL_TIM_Base_MspInit:0000003c $d
C:\Users\31005\AppData\Local\Temp\ccFeObc3.s:217    .text.HAL_TIM_Base_MspDeInit:00000000 $t
C:\Users\31005\AppData\Local\Temp\ccFeObc3.s:223    .text.HAL_TIM_Base_MspDeInit:00000000 HAL_TIM_Base_MspDeInit
C:\Users\31005\AppData\Local\Temp\ccFeObc3.s:265    .text.HAL_TIM_Base_MspDeInit:00000020 $d
C:\Users\31005\AppData\Local\Temp\ccFeObc3.s:272    .bss.htim3:00000000 $d

UNDEFINED SYMBOLS
HAL_TIM_Base_Init
HAL_TIM_ConfigClockSource
HAL_TIMEx_MasterConfigSynchronization
Error_Handler
HAL_NVIC_SetPriority
HAL_NVIC_EnableIRQ
HAL_NVIC_DisableIRQ
